// Jest Snapshot v1, https://goo.gl/fbAQLP

exports[`CartIcon CartIcon renders correctly 1`] = `
.c0 {
  width: 24pt;
  height: 24pt;
  display: -webkit-box;
  display: -webkit-flex;
  display: -ms-flexbox;
  display: flex;
  -webkit-align-items: center;
  -webkit-box-align: center;
  -ms-flex-align: center;
  align-items: center;
  -webkit-box-pack: center;
  -webkit-justify-content: center;
  -ms-flex-pack: center;
  justify-content: center;
  border: none;
  background-color: transparent;
  position: relative;
}

.c1 {
  background-color: #f58400;
  color: #FFF;
  min-width: 13pt;
  height: 13pt;
  border-radius: 50%;
  position: absolute;
  top: -5pt;
  right: -5pt;
  font-size: 10pt;
}

<button
  className="c0"
>
  <img
    src="/static/images/CartOutlined.png"
    srcSet="/static/images/CartOutlined@2x.png 2x, /static/images/CartOutlined@3x.png 3x"
  />
  <span
    className="c1"
  >
    1
  </span>
</button>
`;
