// Jest Snapshot v1, https://goo.gl/fbAQLP

exports[`SimilarProducts SimilarProducts renders correctly 1`] = `
.c7 {
  top: -.3em;
  left: .1em;
}

.c6 {
  font-weight: 700;
  font-size: 1rem;
  color: #ea341f;
  margin-bottom: 0;
}

.c2 {
  width: 200pt !important;
  padding: 8pt;
}

.c3 {
  height: 200pt;
  width: 200pt;
}

.c3 img {
  width: 100%;
  height: 100%;
}

.c4 {
  font-size: 14pt;
  color: #262829;
  font-weight: 400;
  line-height: 1em;
  height: 2em;
  overflow: hidden;
}

.c5 {
  display: -webkit-box;
  display: -webkit-flex;
  display: -ms-flexbox;
  display: flex;
  -webkit-align-items: center;
  -webkit-box-align: center;
  -ms-flex-align: center;
  align-items: center;
}

.c0 {
  background-color: #FFF;
}

.c1 {
  margin: 0;
  padding: 12pt;
  font-size: 13pt;
  color: #8f9598;
}

<div
  className="c0"
>
  <h3
    className="c1"
  >
    Sản phẩm cùng loại
  </h3>
  <div
    className="swiper-container"
  >
    <div
      className="swiper-wrapper"
    >
      <div
        className="c2 swiper-slide"
        onClick={[Function]}
      >
        <div
          className="c3"
        >
          <img
            src="https://phongvu.vn/media/catalog_v2/media/48/18/1570775921.343882_Acer_AS_XC-885_1.jpg"
          />
        </div>
        <h3
          className="c4"
        >
          Máy tính để bàn - PC Acer AS XC-885 (i5-8400/4GB/1TB HDD/UHD 630/Endless)
        </h3>
        <div
          className="c5"
        >
          <h3
            className="c6"
          >
            11.890.000
            <sup
              className="c7"
            >
              đ
            </sup>
          </h3>
        </div>
      </div>
    </div>
  </div>
</div>
`;
