// Jest Snapshot v1, https://goo.gl/fbAQLP

exports[`AddToCartButton AddToCartButton renders correctly 1`] = `
.c0 {
  border: 0;
  display: -webkit-box;
  display: -webkit-flex;
  display: -ms-flexbox;
  display: flex;
  margin-left: auto;
  -webkit-align-items: center;
  -webkit-box-align: center;
  -ms-flex-align: center;
  align-items: center;
  background: rgb(232,32,32);
  background: linear-gradient(90deg,rgba(232,32,32,1) 0%,#f5471e 100%);
  border-radius: 8pt;
  color: #FFF;
  padding: 8pt;
  max-width: 250pt;
  -webkit-box-pack: justify;
  -webkit-justify-content: space-between;
  -ms-flex-pack: justify;
  justify-content: space-between;
}

.c0 span {
  margin-left: 50pt;
  font-size: 15pt;
}

<button
  className="c0"
  onClick={[Function]}
>
  <img
    src="/static/images/AddToCart.png"
    srcSet="/static/images/AddToCart@2x.png 2x, /static/images/AddToCart@3x.png 3x"
  />
  <span>
    Add To Cart
  </span>
</button>
`;
