// Jest Snapshot v1, https://goo.gl/fbAQLP

exports[`ProductInfoTabs ProductInfoTabs renders correctly 1`] = `
.c4 {
  padding: 12pt;
}

.c6 {
  width: 100%;
}

.c6 tr td {
  padding: 8pt;
}

.c6 tr td:last-child {
  text-align: right;
}

.c6 tr:nth-child(odd) {
  background: rgb(238,241,243);
}

.c6 tr:first-child td:first-child {
  border-top-left-radius: 8pt;
}

.c6 tr:first-child td:last-child {
  border-top-right-radius: 8pt;
}

.c6 tr:last-child td:first-child {
  border-bottom-left-radius: 8pt;
}

.c6 tr:last-child td:last-child {
  border-bottom-right-radius: 8pt;
}

.c5 {
  max-height: 150pt;
  overflow: hidden;
  position: relative;
}

.c5:after {
  position: absolute;
  height: 80pt;
  bottom: 0;
  left: 0;
  right: 0;
  content: ' ';
  background: rgb(255,255,255);
  background: linear-gradient(0deg,rgba(255,255,255,1) 0%,rgba(255,255,255,0) 100%);
}

.c7 {
  width: 100%;
  background-color: #FFF;
  color: #1e75f6;
  border: 0;
  display: -webkit-box;
  display: -webkit-flex;
  display: -ms-flexbox;
  display: flex;
  -webkit-align-items: center;
  -webkit-box-align: center;
  -ms-flex-align: center;
  align-items: center;
  -webkit-box-pack: center;
  -webkit-justify-content: center;
  -ms-flex-pack: center;
  justify-content: center;
}

.c0 {
  background-color: #FFF;
  margin-bottom: 8pt;
}

.c1 {
  display: -webkit-box;
  display: -webkit-flex;
  display: -ms-flexbox;
  display: flex;
  border-bottom: 1px solid rgb(238,241,243);
}

.c2 {
  -webkit-flex: 1;
  -ms-flex: 1;
  flex: 1;
  padding: 12pt;
  text-align: center;
  color: #8f9598;
}

.c3 {
  -webkit-flex: 1;
  -ms-flex: 1;
  flex: 1;
  padding: 12pt;
  text-align: center;
  color: #262829;
  border-bottom: 2pt solid #f5471e;
}

<div
  className="c0"
>
  <div
    className="c1"
  >
    <div
      className="c2"
    >
      Mô tả sản phẩm
    </div>
    <div
      className="c3"
    >
      Thông số kỹ thuật
    </div>
    <div
      className="c2"
    >
      So sánh giá
    </div>
  </div>
  <div
    className="c4"
  >
    <div
      className="c5"
    >
      <table
        className="c6"
      >
        <tbody />
      </table>
    </div>
    <button
      className="c7"
      onClick={[Function]}
    >
      Hiển thị 
      nhiều hơn
       
      <img
        src="/public/images/ChevronDown.png"
        srcSet="/public/images/ChevronDown@2x.png 2x, /public/images/ChevronDown@3x.png 3x"
      />
    </button>
  </div>
</div>
`;
