// Jest Snapshot v1, https://goo.gl/fbAQLP

exports[`NavigationBar NavigationBar renders correctly 1`] = `
.c0 {
  height: 44pt;
  background: rgb(232,32,32);
  background: linear-gradient(90deg,rgba(232,32,32,1) 0%,#f5471e 100%);
  border-bottom: 1px solid #eef1f3;
  padding: 8pt 11pt;
  display: -webkit-box;
  display: -webkit-flex;
  display: -ms-flexbox;
  display: flex;
  -webkit-align-items: center;
  -webkit-box-align: center;
  -ms-flex-align: center;
  align-items: center;
}

.c1 {
  width: 24pt;
  height: 24pt;
  display: -webkit-box;
  display: -webkit-flex;
  display: -ms-flexbox;
  display: flex;
  -webkit-align-items: center;
  -webkit-box-align: center;
  -ms-flex-align: center;
  align-items: center;
  -webkit-box-pack: center;
  -webkit-justify-content: center;
  -ms-flex-pack: center;
  justify-content: center;
  margin-right: 11pt;
  border: none;
  background-color: transparent;
}

<div
  className="c0"
>
  <button
    className="c1"
    onClick={[Function]}
  >
    <img
      src="/static/images/ArrowBackWhite.png"
      srcSet="/static/images/ArrowBackWhite@2x.png 2x, /static/images/ArrowBackWhite@3x.png 3x"
    />
  </button>
  Children
</div>
`;
