// Jest Snapshot v1, https://goo.gl/fbAQLP

exports[`SimilarProducts SimilarProducts renders correctly 1`] = `
Array [
  .c0 {
  height: 44pt;
  background: rgb(232,32,32);
  background: linear-gradient(90deg,rgba(232,32,32,1) 0%,#f5471e 100%);
  border-bottom: 1px solid #eef1f3;
  padding: 8pt 11pt;
  display: -webkit-box;
  display: -webkit-flex;
  display: -ms-flexbox;
  display: flex;
  -webkit-align-items: center;
  -webkit-box-align: center;
  -ms-flex-align: center;
  align-items: center;
}

.c1 {
  width: 24pt;
  height: 24pt;
  display: -webkit-box;
  display: -webkit-flex;
  display: -ms-flexbox;
  display: flex;
  -webkit-align-items: center;
  -webkit-box-align: center;
  -ms-flex-align: center;
  align-items: center;
  -webkit-box-pack: center;
  -webkit-justify-content: center;
  -ms-flex-pack: center;
  justify-content: center;
  margin-right: 11pt;
  border: none;
  background-color: transparent;
}

.c2 {
  -webkit-flex: 1;
  -ms-flex: 1;
  flex: 1;
  background-color: #FFF;
  border-radius: 8pt;
  height: 32pt;
  box-shadow: 0 2pt 4pt 0 rgba(0,0,0,.3);
  display: -webkit-box;
  display: -webkit-flex;
  display: -ms-flexbox;
  display: flex;
  -webkit-align-items: center;
  -webkit-box-align: center;
  -ms-flex-align: center;
  align-items: center;
  padding: 0 8pt;
}

.c4 {
  border: 0;
  width: 100%;
  height: 100%;
  border-radius: 8pt;
}

.c4:focus {
  outline: none;
}

.c3 {
  margin-right: 2pt;
}

<div
    className="c0"
  >
    <button
      className="c1"
      onClick={[Function]}
    >
      <img
        src="/public/images/ArrowBackWhite.png"
        srcSet="/public/images/ArrowBackWhite@2x.png 2x, /public/images/ArrowBackWhite@3x.png 3x"
      />
    </button>
    <div
      className="c2"
    >
      <div
        className="c3"
      >
        <img
          src="/public/images/Search.png"
          srcSet="/public/images/Search@2x.png 2x, /public/images/Search@3x.png 3x"
        />
      </div>
      <input
        className="c4"
        onChange={[Function]}
        placeholder="Nhập tên, mã sản phẩm"
      />
    </div>
  </div>,
  .c0 {
  overflow-y: auto;
  height: calc(100% - 44pt);
}

<div
    className="c0"
  />,
]
`;
